---
source: crates/agentgateway/src/types/local_tests.rs
description: "Config normalization test for llm_virtual_model_failover: YAML -> LocalConfig -> NormalizedLocalConfig -> YAML"
---
binds:
  - key: bind/4000
    address: "[::]:4000"
    protocol: http
    tunnelProtocol: direct
    mode: standard
    listeners:
      llm:
        gatewayName: name
        gatewayNamespace: ns
        hostname: "*"
        key: llm
        listenerName: llm
        protocol: HTTP
listener_routes:
  - - llm
    - - backends:
          - backend: "/llm:router"
            weight: 1
        key: "llm:request"
        matches:
          - path:
              pathPrefix: /
        name: "llm:request"
        namespace: internal
listener_tcp_routes:
  - - llm
    - []
policies: []
backends:
  - backend:
      ai:
        name: "llm:model:openai/gpt-5-mini:0"
        namespace: ""
        target:
          providers:
            - active:
                openai/gpt-5-mini:
                  endpoint:
                    name: openai/gpt-5-mini
                    provider:
                      openAI:
                        model: gpt-5-mini
                    hostOverride: ~
                    pathOverride: ~
                    pathPrefix: ~
                    tokenize: false
                    inlinePolicies:
                      - backendAuth:
                          key:
                            value: "<redacted>"
                  info:
                    health: 1
                    requestLatency: 0
                    pendingRequests: 0
                    totalRequests: 0
                    consecutiveFailures: 0
                    timesEjected: 0
                    evictedUntil: ~
                  capacity: 1
              rejected: {}
    inlinePolicies:
      - ai: {}
  - backend:
      ai:
        name: "llm:model:anthropic/*:1"
        namespace: ""
        target:
          providers:
            - active:
                anthropic/*:
                  endpoint:
                    name: anthropic/*
                    provider:
                      anthropic: {}
                    hostOverride: ~
                    pathOverride: ~
                    pathPrefix: ~
                    tokenize: false
                    inlinePolicies:
                      - backendAuth:
                          key:
                            value: "<redacted>"
                  info:
                    health: 1
                    requestLatency: 0
                    pendingRequests: 0
                    totalRequests: 0
                    consecutiveFailures: 0
                    timesEjected: 0
                    evictedUntil: ~
                  capacity: 1
              rejected: {}
    inlinePolicies:
      - ai:
          transformations:
            model: "llmRequest.model.stripPrefix(\"anthropic/\")"
  - backend:
      ai:
        name: "llm:virtual-model:resilient:0"
        namespace: ""
        target:
          providers:
            - active:
                openai/gpt-5-mini:
                  endpoint:
                    name: openai/gpt-5-mini
                    provider:
                      openAI:
                        model: gpt-5-mini
                    hostOverride: ~
                    pathOverride: ~
                    pathPrefix: ~
                    tokenize: false
                    inlinePolicies:
                      - backendAuth:
                          key:
                            value: "<redacted>"
                      - ai: {}
                  info:
                    health: 1
                    requestLatency: 0
                    pendingRequests: 0
                    totalRequests: 0
                    consecutiveFailures: 0
                    timesEjected: 0
                    evictedUntil: ~
                  capacity: 1
              rejected: {}
            - active:
                anthropic/haiku:
                  endpoint:
                    name: anthropic/haiku
                    provider:
                      anthropic:
                        model: anthropic/haiku
                    hostOverride: ~
                    pathOverride: ~
                    pathPrefix: ~
                    tokenize: false
                    inlinePolicies:
                      - backendAuth:
                          key:
                            value: "<redacted>"
                      - ai:
                          transformations:
                            model: "llmRequest.model.stripPrefix(\"anthropic/\")"
                  info:
                    health: 1
                    requestLatency: 0
                    pendingRequests: 0
                    totalRequests: 0
                    consecutiveFailures: 0
                    timesEjected: 0
                    evictedUntil: ~
                  capacity: 1
                anthropic/sonnet:
                  endpoint:
                    name: anthropic/sonnet
                    provider:
                      anthropic:
                        model: anthropic/sonnet
                    hostOverride: ~
                    pathOverride: ~
                    pathPrefix: ~
                    tokenize: false
                    inlinePolicies:
                      - backendAuth:
                          key:
                            value: "<redacted>"
                      - ai:
                          transformations:
                            model: "llmRequest.model.stripPrefix(\"anthropic/\")"
                  info:
                    health: 1
                    requestLatency: 0
                    pendingRequests: 0
                    totalRequests: 0
                    consecutiveFailures: 0
                    timesEjected: 0
                    evictedUntil: ~
                  capacity: 1
              rejected: {}
  - backend:
      llmRouter:
        name: "llm:router"
        namespace: ""
        target:
          discovery: catalog
          models:
            - name: openai/gpt-5-mini
              created: 0
              visibility: public
              headerMatches: []
              backend:
                backend: "/llm:model:openai/gpt-5-mini:0"
                weight: 1
              policies:
                llm: {}
                authorization: ~
              backendPolicies: []
            - discovery:
                provider: anthropic
                transformation:
                  prefix: anthropic/
              name: anthropic/*
              created: 0
              visibility: internal
              headerMatches: []
              backend:
                backend: "/llm:model:anthropic/*:1"
                weight: 1
              policies:
                llm: {}
                authorization: ~
              backendPolicies: []
          virtualModels:
            - name: resilient
              created: 0
              llmPolicy: {}
              routing:
                failover:
                  backend:
                    backend: "/llm:virtual-model:resilient:0"
                    weight: 1
route_groups: []
workloads: []
services: []
