---
source: crates/agentgateway/src/types/local_tests.rs
description: "Config normalization test for llm_simple: YAML -> LocalConfig -> NormalizedLocalConfig -> YAML"
---
binds:
  - key: bind/4000
    address: "[::]:4000"
    protocol: http
    tunnelProtocol: direct
    mode: standard
    listeners:
      llm:
        gatewayName: name
        gatewayNamespace: ns
        hostname: "*"
        key: llm
        listenerName: llm
        protocol: HTTP
listener_routes:
  - - llm
    - - backends:
          - backend: "/llm:router"
            weight: 1
        key: "llm:request"
        matches:
          - path:
              pathPrefix: /
        name: "llm:request"
        namespace: internal
listener_tcp_routes:
  - - llm
    - []
policies:
  - key: listener/0
    name: ~
    target:
      gateway:
        gatewayName: name
        gatewayNamespace: ns
        listenerName: llm
    policy:
      traffic:
        cors:
          allowCredentials: false
          allowOrigins:
            - "http://localhost:15000"
          maxAge: ~
        phase: gateway
  - key: listener/1
    name: ~
    target:
      gateway:
        gatewayName: name
        gatewayNamespace: ns
        listenerName: llm
    policy:
      traffic:
        jwtAuth:
          location:
            header:
              name: authorization
              prefix: "Bearer "
          mode: optional
          providers:
            - issuer: agentgateway.dev
              keys: []
        phase: gateway
  - key: listener/2
    name: ~
    target:
      gateway:
        gatewayName: name
        gatewayNamespace: ns
        listenerName: llm
    policy:
      traffic:
        authorization:
          rules:
            allow:
              - "jwt.email.endsWith(\"@example.com\")"
        phase: gateway
  - key: listener/3
    name: ~
    target:
      gateway:
        gatewayName: name
        gatewayNamespace: ns
        listenerName: llm
    policy:
      traffic:
        localRateLimit:
          - fillInterval: 1s
            maxTokens: 100
            tokensPerFill: 10
            type: tokens
        phase: route
  - key: frontend/accessLog
    name: ~
    target:
      gateway:
        gatewayName: name
        gatewayNamespace: ns
        listenerName: ~
    policy:
      frontend:
        accessLog:
          add:
            user: "request.headers[\"user-agent\"]"
backends:
  - backend:
      ai:
        name: "llm:model:llama-3.1-8b-instant:0"
        namespace: ""
        target:
          providers:
            - active:
                llama-3.1-8b-instant:
                  endpoint:
                    name: llama-3.1-8b-instant
                    provider:
                      custom:
                        providerOverride: groq
                        formats:
                          - type: completions
                            path: ~
                          - type: responses
                            path: ~
                    hostOverride: "api.groq.com:443"
                    pathOverride: ~
                    pathPrefix: /openai/v1
                    tokenize: false
                  info:
                    health: 1
                    requestLatency: 0
                    pendingRequests: 0
                    totalRequests: 0
                    consecutiveFailures: 0
                    timesEjected: 0
                    evictedUntil: ~
                  capacity: 1
              rejected: {}
    inlinePolicies:
      - backendTLS:
          systemRoots: true
      - ai:
          promptGuard:
            request:
              - regex:
                  action: reject
                  rules:
                    - builtin: email
                rejection:
                  body: The request was rejected due to inappropriate content
                  status: 400
                scope:
                  - systemPrompt
                  - messages
  - backend:
      ai:
        name: "llm:model:fireworks-llama:1"
        namespace: ""
        target:
          providers:
            - active:
                fireworks-llama:
                  endpoint:
                    name: fireworks-llama
                    provider:
                      custom:
                        providerOverride: fireworks
                        formats:
                          - type: completions
                            path: ~
                          - type: messages
                            path: ~
                          - type: responses
                            path: ~
                          - type: embeddings
                            path: ~
                          - type: rerank
                            path: ~
                    hostOverride: "api.fireworks.ai:443"
                    pathOverride: ~
                    pathPrefix: /inference/v1
                    tokenize: false
                  info:
                    health: 1
                    requestLatency: 0
                    pendingRequests: 0
                    totalRequests: 0
                    consecutiveFailures: 0
                    timesEjected: 0
                    evictedUntil: ~
                  capacity: 1
              rejected: {}
    inlinePolicies:
      - backendTLS:
          systemRoots: true
      - ai:
          promptGuard:
            request:
              - regex:
                  action: reject
                  rules:
                    - builtin: email
                rejection:
                  body: The request was rejected due to inappropriate content
                  status: 400
                scope:
                  - systemPrompt
                  - messages
  - backend:
      ai:
        name: "llm:model:claude-3-haiku:2"
        namespace: ""
        target:
          providers:
            - active:
                claude-3-haiku:
                  endpoint:
                    name: claude-3-haiku
                    provider:
                      anthropic:
                        model: claude-haiku-4-5-20251001
                    hostOverride: "anthropic.internal:443"
                    pathOverride: ~
                    pathPrefix: /v1
                    tokenize: true
                    inlinePolicies:
                      - backendAuth:
                          key:
                            value: "<redacted>"
                  info:
                    health: 1
                    requestLatency: 0
                    pendingRequests: 0
                    totalRequests: 0
                    consecutiveFailures: 0
                    timesEjected: 0
                    evictedUntil: ~
                  capacity: 1
              rejected: {}
    inlinePolicies:
      - backendTLS:
          systemRoots: true
      - responseHeaderModifier:
          remove:
            - server
      - health:
          unhealthyExpression: response.code >= 500 || response.code == 429
          eviction:
            duration: 30s
      - ai:
          promptGuard:
            request:
              - regex:
                  action: reject
                  rules:
                    - builtin: email
                rejection:
                  body: The request was rejected due to inappropriate content
                  status: 400
                scope:
                  - systemPrompt
                  - messages
              - regex:
                  action: reject
                  rules:
                    - builtin: creditCard
                rejection:
                  body: The request was rejected due to inappropriate content
                  status: 403
                scope:
                  - systemPrompt
                  - messages
            response:
              - regex:
                  action: mask
                  rules:
                    - builtin: phoneNumber
                rejection:
                  body: The request was rejected due to inappropriate content
                  status: 403
          promptCaching:
            cacheSystem: true
            cacheMessages: true
            cacheTools: false
            minTokens: 1
            cacheMessageOffset: 0
  - backend:
      ai:
        name: "llm:model:gpt-3.5-turbo:3"
        namespace: ""
        target:
          providers:
            - active:
                gpt-3.5-turbo:
                  endpoint:
                    name: gpt-3.5-turbo
                    provider:
                      openAI: {}
                    hostOverride: ~
                    pathOverride: ~
                    pathPrefix: ~
                    tokenize: false
                  info:
                    health: 1
                    requestLatency: 0
                    pendingRequests: 0
                    totalRequests: 0
                    consecutiveFailures: 0
                    timesEjected: 0
                    evictedUntil: ~
                  capacity: 1
              rejected: {}
    inlinePolicies:
      - ai:
          promptGuard:
            request:
              - regex:
                  action: reject
                  rules:
                    - builtin: email
                rejection:
                  body: The request was rejected due to inappropriate content
                  status: 400
                scope:
                  - systemPrompt
                  - messages
  - backend:
      ai:
        name: "llm:model:gpt-7-max:4"
        namespace: ""
        target:
          providers:
            - active:
                gpt-7-max:
                  endpoint:
                    name: gpt-7-max
                    provider:
                      azure:
                        apiVersion: v1
                        model: gpt-3.5-turbo
                        resourceName: my-azure-openai-endpoint
                        resourceType: openAI
                    hostOverride: ~
                    pathOverride: ~
                    pathPrefix: ~
                    tokenize: false
                  info:
                    health: 1
                    requestLatency: 0
                    pendingRequests: 0
                    totalRequests: 0
                    consecutiveFailures: 0
                    timesEjected: 0
                    evictedUntil: ~
                  capacity: 1
              rejected: {}
    inlinePolicies:
      - ai:
          promptGuard:
            request:
              - regex:
                  action: reject
                  rules:
                    - builtin: email
                rejection:
                  body: The request was rejected due to inappropriate content
                  status: 400
                scope:
                  - systemPrompt
                  - messages
  - backend:
      ai:
        name: "llm:model:*:5"
        namespace: ""
        target:
          providers:
            - active:
                "*":
                  endpoint:
                    name: "*"
                    provider:
                      vertex:
                        model: claude-haiku-4-5-20251001
                        region: global
                        projectId: my-vertex-project
                    hostOverride: ~
                    pathOverride: ~
                    pathPrefix: ~
                    tokenize: false
                    inlinePolicies:
                      - backendAuth:
                          key:
                            value: "<redacted>"
                  info:
                    health: 1
                    requestLatency: 0
                    pendingRequests: 0
                    totalRequests: 0
                    consecutiveFailures: 0
                    timesEjected: 0
                    evictedUntil: ~
                  capacity: 1
              rejected: {}
    inlinePolicies:
      - ai:
          promptGuard:
            request:
              - regex:
                  action: reject
                  rules:
                    - builtin: email
                rejection:
                  body: The request was rejected due to inappropriate content
                  status: 400
                scope:
                  - systemPrompt
                  - messages
  - backend:
      llmRouter:
        name: "llm:router"
        namespace: ""
        target:
          discovery: catalog
          models:
            - name: llama-3.1-8b-instant
              created: 0
              visibility: public
              headerMatches: []
              backend:
                backend: "/llm:model:llama-3.1-8b-instant:0"
                weight: 1
              policies:
                llm: {}
                authorization: ~
              backendPolicies: []
            - name: fireworks-llama
              created: 0
              visibility: public
              headerMatches: []
              backend:
                backend: "/llm:model:fireworks-llama:1"
                weight: 1
              policies:
                llm: {}
                authorization: ~
              backendPolicies: []
            - name: claude-3-haiku
              created: 0
              visibility: public
              headerMatches:
                - - name: x-org
                    value:
                      exact: engineering
              backend:
                backend: "/llm:model:claude-3-haiku:2"
                weight: 1
              policies:
                llm: {}
                authorization: ~
              backendPolicies: []
            - name: gpt-3.5-turbo
              created: 0
              visibility: public
              headerMatches: []
              backend:
                backend: "/llm:model:gpt-3.5-turbo:3"
                weight: 1
              policies:
                llm: {}
                authorization: ~
              backendPolicies: []
            - name: gpt-7-max
              created: 0
              visibility: public
              headerMatches: []
              backend:
                backend: "/llm:model:gpt-7-max:4"
                weight: 1
              policies:
                llm: {}
                authorization: ~
              backendPolicies: []
            - name: "*"
              created: 0
              visibility: public
              headerMatches: []
              backend:
                backend: "/llm:model:*:5"
                weight: 1
              policies:
                llm: {}
                authorization: ~
              backendPolicies: []
          virtualModels: []
route_groups: []
workloads: []
services: []
