---
source: crates/agentgateway/src/types/local_tests.rs
description: "Config normalization test for llm_provider_reference: YAML -> LocalConfig -> NormalizedLocalConfig -> YAML"
---
binds:
  - key: bind/4000
    address: "[::]:4000"
    protocol: http
    tunnelProtocol: direct
    mode: standard
    listeners:
      llm:
        gatewayName: name
        gatewayNamespace: ns
        hostname: "*"
        key: llm
        listenerName: llm
        protocol: HTTP
listener_routes:
  - - llm
    - - backends:
          - backend: "/llm:router"
            weight: 1
        key: "llm:request"
        matches:
          - path:
              pathPrefix: /foo
        name: "llm:request"
        namespace: internal
listener_tcp_routes:
  - - llm
    - []
policies: []
backends:
  - backend:
      ai:
        name: "llm:model:anthropic/*:0"
        namespace: ""
        target:
          providers:
            - active:
                anthropic/*:
                  endpoint:
                    name: anthropic/*
                    provider:
                      anthropic:
                        model: claude-sonnet-4-5-20250929
                    hostOverride: "anthropic.internal:443"
                    pathOverride: ~
                    pathPrefix: /v1
                    tokenize: true
                    inlinePolicies:
                      - backendAuth:
                          key:
                            value: "<redacted>"
                  info:
                    health: 1
                    requestLatency: 0
                    pendingRequests: 0
                    totalRequests: 0
                    consecutiveFailures: 0
                    timesEjected: 0
                    evictedUntil: ~
                  capacity: 1
              rejected: {}
    inlinePolicies:
      - backendTLS:
          systemRoots: true
      - health:
          unhealthyExpression: response.code >= 500 || response.code == 429
      - ai:
          transformations:
            model: "llmRequest.model.stripPrefix(\"anthropic/\")"
          promptCaching:
            cacheSystem: true
            cacheMessages: true
            cacheTools: false
            minTokens: 2048
            cacheMessageOffset: 0
  - backend:
      ai:
        name: "llm:model:example/*:1"
        namespace: ""
        target:
          providers:
            - active:
                example/*:
                  endpoint:
                    name: example/*
                    provider:
                      custom:
                        providerOverride: completions-shared
                        formats:
                          - type: completions
                            path: ~
                    hostOverride: "llm.example.com:443"
                    pathOverride: ~
                    pathPrefix: /v1
                    tokenize: false
                  info:
                    health: 1
                    requestLatency: 0
                    pendingRequests: 0
                    totalRequests: 0
                    consecutiveFailures: 0
                    timesEjected: 0
                    evictedUntil: ~
                  capacity: 1
              rejected: {}
    inlinePolicies:
      - backendTLS:
          systemRoots: true
      - ai: {}
  - backend:
      llmRouter:
        name: "llm:router"
        namespace: ""
        target:
          discovery: catalog
          pathPrefix: /foo
          models:
            - name: anthropic/*
              created: 0
              visibility: public
              headerMatches: []
              backend:
                backend: "/llm:model:anthropic/*:0"
                weight: 1
              policies:
                llm: {}
                authorization: ~
              backendPolicies: []
            - discovery:
                provider: completions-shared
                transformation: identity
              name: example/*
              created: 0
              visibility: public
              headerMatches: []
              backend:
                backend: "/llm:model:example/*:1"
                weight: 1
              policies:
                llm: {}
                authorization: ~
              backendPolicies: []
          virtualModels: []
route_groups: []
workloads: []
services: []
