---
source: crates/agentgateway/src/types/local_tests.rs
description: "Config normalization test for llm_virtual_model_conditional: YAML -> LocalConfig -> NormalizedLocalConfig -> YAML"
---
binds:
  - key: bind/4000
    address: "[::]:4000"
    protocol: http
    tunnelProtocol: direct
    mode: standard
    listeners:
      llm:
        gatewayName: name
        gatewayNamespace: ns
        hostname: "*"
        key: llm
        listenerName: llm
        protocol: HTTP
listener_routes:
  - - llm
    - - backends:
          - backend: "/llm:router"
            weight: 1
        key: "llm:request"
        matches:
          - path:
              pathPrefix: /
        name: "llm:request"
        namespace: internal
listener_tcp_routes:
  - - llm
    - []
policies: []
backends:
  - backend:
      ai:
        name: "llm:model:openai/gpt-5-mini:0"
        namespace: ""
        target:
          providers:
            - active:
                openai/gpt-5-mini:
                  endpoint:
                    name: openai/gpt-5-mini
                    provider:
                      openAI: {}
                    hostOverride: ~
                    pathOverride: ~
                    pathPrefix: ~
                    tokenize: false
                    inlinePolicies:
                      - backendAuth:
                          key:
                            value: "<redacted>"
                  info:
                    health: 1
                    requestLatency: 0
                    pendingRequests: 0
                    totalRequests: 0
                    consecutiveFailures: 0
                    timesEjected: 0
                    evictedUntil: ~
                  capacity: 1
              rejected: {}
    inlinePolicies:
      - ai: {}
  - backend:
      ai:
        name: "llm:model:foo/*:1"
        namespace: ""
        target:
          providers:
            - active:
                foo/*:
                  endpoint:
                    name: foo/*
                    provider:
                      openAI: {}
                    hostOverride: ~
                    pathOverride: ~
                    pathPrefix: ~
                    tokenize: false
                    inlinePolicies:
                      - backendAuth:
                          key:
                            value: "<redacted>"
                  info:
                    health: 1
                    requestLatency: 0
                    pendingRequests: 0
                    totalRequests: 0
                    consecutiveFailures: 0
                    timesEjected: 0
                    evictedUntil: ~
                  capacity: 1
              rejected: {}
    inlinePolicies:
      - ai:
          transformations:
            model: "llmRequest.model.stripPrefix(\"foo/\")"
  - backend:
      llmRouter:
        name: "llm:router"
        namespace: ""
        target:
          discovery: catalog
          models:
            - name: openai/gpt-5-mini
              created: 0
              visibility: public
              headerMatches: []
              backend:
                backend: "/llm:model:openai/gpt-5-mini:0"
                weight: 1
              policies:
                llm: {}
                authorization: ~
              backendPolicies: []
            - discovery:
                provider: openai
                transformation:
                  prefix: foo/
              name: foo/*
              created: 0
              visibility: public
              headerMatches: []
              backend:
                backend: "/llm:model:foo/*:1"
                weight: 1
              policies:
                llm: {}
                authorization: ~
              backendPolicies: []
          virtualModels:
            - name: smart
              created: 0
              llmPolicy: {}
              routing:
                conditional:
                  - model: foo/bar
                    when: "json(request.body).route == \"code\""
                  - model: openai/gpt-5-mini
                    when: "json(request.body).route == \"fast\""
                  - model: foo/baz
                    when: ~
            - name: simple
              created: 0
              llmPolicy: {}
              routing:
                conditional:
                  - model: openai/gpt-5-mini
                    when: "json(request.body).route == \"legacy\""
                  - model: foo/qux
                    when: ~
route_groups: []
workloads: []
services: []
